// Jest Snapshot v1, https://goo.gl/fbAQLP

exports[`renders correctly 1`] = `
<h1>
  ROFL!ROFL!ROFL!ROFL!ROFL!
</h1>
`;
